// Jest Snapshot v1, https://goo.gl/fbAQLP

exports[`This is for the Add Questions Should render Add Question Properly 1`] = `
<AddQ>
  <AddQ__AQC>
    <div
      className="AddQ__AQC-fu61ov-1 bKyMVa"
    >
      <AddQ__AddAQ
        onClick={[Function]}
        type="submit"
      >
        <button
<<<<<<< HEAD
          className="AddQ__AddAQ-fu61ov-0 dzUWvS"
=======
          className="AddQ__AddAQ-fu61ov-0 fsXLKI"
>>>>>>> b98853f8bfe7cb666fe12c3fd4e9ca4bd19592b9
          onClick={[Function]}
          type="submit"
        >
          ADD A QUESTION +
        </button>
      </AddQ__AddAQ>
    </div>
  </AddQ__AQC>
</AddQ>
`;
