// Jest Snapshot v1, https://goo.gl/fbAQLP

exports[`One Search Test Should render correctly 1`] = `
<Search
  debug={true}
  reset={[Function]}
>
  <Search__Wrapper>
    <div
      className="Search__Wrapper-np7a72-1 biulzn"
    >
      <Search__Input
        onChange={[Function]}
        placeholder="HAVE A QUESTION? SEARCH FOR ANSWERS..."
        type="text"
        value=""
      >
        <input
          className="Search__Input-np7a72-0 iZcJlO"
          onChange={[Function]}
          placeholder="HAVE A QUESTION? SEARCH FOR ANSWERS..."
          type="text"
          value=""
        />
      </Search__Input>
      <Search__Magnify>
        <div
          className="Search__Magnify-np7a72-2 jCFwuN"
        >
          âš²
        </div>
      </Search__Magnify>
    </div>
  </Search__Wrapper>
</Search>
`;
