// Jest Snapshot v1, https://goo.gl/fbAQLP

exports[`ExpandedImage Should render correctly 1`] = `
<ExpandedImage
  debug={true}
  images={
    Array [
      Object {
        "thumbnail_url": "https://images.unsplash.com/photo-1477420143023-6a0e0b04b69a?ixlib=rb-1.2.1&ixid=eyJhcHBfaWQiOjEyMDd9&auto=format&fit=crop&w=300&q=80",
        "url": "https://images.unsplash.com/photo-1477420143023-6a0e0b04b69a?ixlib=rb-1.2.1&ixid=eyJhcHBfaWQiOjEyMDd9&auto=format&fit=crop&w=1650&q=80",
      },
      Object {
        "thumbnail_url": "https://images.unsplash.com/photo-1518687338977-a84d3086a934?ixlib=rb-1.2.1&ixid=eyJhcHBfaWQiOjEyMDd9&auto=format&fit=crop&w=300&q=80",
        "url": "https://images.unsplash.com/photo-1518687338977-a84d3086a934?ixlib=rb-1.2.1&ixid=eyJhcHBfaWQiOjEyMDd9&auto=format&fit=crop&w=652&q=80",
      },
      Object {
        "thumbnail_url": "https://images.unsplash.com/photo-1556812191-381c7e7d96d6?ixlib=rb-1.2.1&ixid=eyJhcHBfaWQiOjEyMDd9&auto=format&fit=crop&w=300&q=80",
        "url": "https://images.unsplash.com/photo-1556812191-381c7e7d96d6?ixlib=rb-1.2.1&ixid=eyJhcHBfaWQiOjEyMDd9&auto=format&fit=crop&w=2982&q=80",
      },
      Object {
        "thumbnail_url": "https://images.unsplash.com/photo-1526330563440-3ae2174b6bce?ixlib=rb-1.2.1&ixid=eyJhcHBfaWQiOjEyMDd9&auto=format&fit=crop&w=300&q=80",
        "url": "https://images.unsplash.com/photo-1526330563440-3ae2174b6bce?ixlib=rb-1.2.1&ixid=eyJhcHBfaWQiOjEyMDd9&auto=format&fit=crop&w=1655&q=80",
      },
      Object {
        "thumbnail_url": "https://images.unsplash.com/photo-1516199707327-5399434d0aa4?ixlib=rb-1.2.1&ixid=eyJhcHBfaWQiOjEyMDd9&auto=format&fit=crop&w=300&q=80",
        "url": "https://images.unsplash.com/photo-1516199707327-5399434d0aa4?ixlib=rb-1.2.1&ixid=eyJhcHBfaWQiOjEyMDd9&auto=format&fit=crop&w=1083&q=80",
      },
      Object {
        "thumbnail_url": "https://images.unsplash.com/photo-1541444446610-749d3299b35e?ixlib=rb-1.2.1&ixid=eyJhcHBfaWQiOjEyMDd9&auto=format&fit=crop&w=300&q=80",
        "url": "https://images.unsplash.com/photo-1541444446610-749d3299b35e?ixlib=rb-1.2.1&ixid=eyJhcHBfaWQiOjEyMDd9&auto=format&fit=crop&w=1650&q=80",
      },
    ]
  }
  source="https://images.unsplash.com/photo-1477420143023-6a0e0b04b69a?ixlib=rb-1.2.1&ixid=eyJhcHBfaWQiOjEyMDd9&auto=format&fit=crop&w=1650&q=80"
>
  <Portal
    containerInfo={
      <div>
        <div
          class="ExpandedImage__Wrapper-sc-1g7vqin-0 iJrbzo"
        >
          <div
            class="ExpandedImage__ModalLeftArrow-sc-1g7vqin-2 ZdNkZ"
          >
            <span
              aria-hidden="true"
              class="fa fa-angle-left fa-2x"
              id="-1"
            />
          </div>
          <img
            class="ExpandedImage__Expanded-sc-1g7vqin-1 iLUdGR"
            x="0"
            y="0"
          />
          <div
            class="ExpandedImage__ModalRightArrow-sc-1g7vqin-3 kMeIWk"
          >
            <span
              aria-hidden="true"
              class="fa fa-angle-right fa-2x"
              id="1"
            />
          </div>
          <div
            class="ExpandedImage__IconHolder-sc-1g7vqin-4 iGQpBV"
          >
            <div
              class="ExpandedImage__Icon-sc-1g7vqin-6 hFSqpB"
              id="0"
              type="button"
            />
            <div
              class="ExpandedImage__Icon-sc-1g7vqin-6 hFSqpB"
              id="1"
              type="button"
            />
            <div
              class="ExpandedImage__Icon-sc-1g7vqin-6 hFSqpB"
              id="2"
              type="button"
            />
            <div
              class="ExpandedImage__Icon-sc-1g7vqin-6 hFSqpB"
              id="3"
              type="button"
            />
            <div
              class="ExpandedImage__Icon-sc-1g7vqin-6 hFSqpB"
              id="4"
              type="button"
            />
            <div
              class="ExpandedImage__Icon-sc-1g7vqin-6 hFSqpB"
              id="5"
              type="button"
            />
          </div>
        </div>
      </div>
    }
  >
    <ExpandedImage__Wrapper>
      <div
        className="ExpandedImage__Wrapper-sc-1g7vqin-0 iJrbzo"
      >
        <ExpandedImage__ModalLeftArrow
          onMouseDown={[Function]}
        >
          <div
            className="ExpandedImage__ModalLeftArrow-sc-1g7vqin-2 ZdNkZ"
            onMouseDown={[Function]}
          >
            <FontAwesome
              id="-1"
              name="angle-left"
              size="2x"
            >
              <span
                aria-hidden={true}
                className="fa fa-angle-left fa-2x"
                id="-1"
              />
            </FontAwesome>
          </div>
        </ExpandedImage__ModalLeftArrow>
        <ExpandedImage__Expanded
          onMouseDown={[Function]}
          x={0}
          y={0}
          zoomed={false}
        >
          <img
            className="ExpandedImage__Expanded-sc-1g7vqin-1 iLUdGR"
            onMouseDown={[Function]}
            x={0}
            y={0}
          />
        </ExpandedImage__Expanded>
        <ExpandedImage__ModalRightArrow
          onMouseDown={[Function]}
        >
          <div
            className="ExpandedImage__ModalRightArrow-sc-1g7vqin-3 kMeIWk"
            onMouseDown={[Function]}
          >
            <FontAwesome
              id="1"
              name="angle-right"
              size="2x"
            >
              <span
                aria-hidden={true}
                className="fa fa-angle-right fa-2x"
                id="1"
              />
            </FontAwesome>
          </div>
        </ExpandedImage__ModalRightArrow>
        <ExpandedImage__IconHolder
          onMouseDown={[Function]}
        >
          <div
            className="ExpandedImage__IconHolder-sc-1g7vqin-4 iGQpBV"
            onMouseDown={[Function]}
          >
            <ExpandedImage__Icon
              id={0}
              key="NaN"
              onMouseDown={[Function]}
              type="button"
            >
              <div
                className="ExpandedImage__Icon-sc-1g7vqin-6 hFSqpB"
                id={0}
                onMouseDown={[Function]}
                type="button"
              />
            </ExpandedImage__Icon>
            <ExpandedImage__Icon
              id={1}
              key="NaN"
              onMouseDown={[Function]}
              type="button"
            >
              <div
                className="ExpandedImage__Icon-sc-1g7vqin-6 hFSqpB"
                id={1}
                onMouseDown={[Function]}
                type="button"
              />
            </ExpandedImage__Icon>
            <ExpandedImage__Icon
              id={2}
              key="NaN"
              onMouseDown={[Function]}
              type="button"
            >
              <div
                className="ExpandedImage__Icon-sc-1g7vqin-6 hFSqpB"
                id={2}
                onMouseDown={[Function]}
                type="button"
              />
            </ExpandedImage__Icon>
            <ExpandedImage__Icon
              id={3}
              key="NaN"
              onMouseDown={[Function]}
              type="button"
            >
              <div
                className="ExpandedImage__Icon-sc-1g7vqin-6 hFSqpB"
                id={3}
                onMouseDown={[Function]}
                type="button"
              />
            </ExpandedImage__Icon>
            <ExpandedImage__Icon
              id={4}
              key="NaN"
              onMouseDown={[Function]}
              type="button"
            >
              <div
                className="ExpandedImage__Icon-sc-1g7vqin-6 hFSqpB"
                id={4}
                onMouseDown={[Function]}
                type="button"
              />
            </ExpandedImage__Icon>
            <ExpandedImage__Icon
              id={5}
              key="NaN"
              onMouseDown={[Function]}
              type="button"
            >
              <div
                className="ExpandedImage__Icon-sc-1g7vqin-6 hFSqpB"
                id={5}
                onMouseDown={[Function]}
                type="button"
              />
            </ExpandedImage__Icon>
          </div>
        </ExpandedImage__IconHolder>
      </div>
    </ExpandedImage__Wrapper>
  </Portal>
</ExpandedImage>
`;
