// Jest Snapshot v1, https://goo.gl/fbAQLP

exports[`ViewerThumbnails Should render correctly 1`] = `
<ViewerThumbnails
  debug={true}
  end={5}
  images={
    Array [
      Object {
        "thumbnail_url": "https://images.unsplash.com/photo-1477420143023-6a0e0b04b69a?ixlib=rb-1.2.1&ixid=eyJhcHBfaWQiOjEyMDd9&auto=format&fit=crop&w=300&q=80",
        "url": "https://images.unsplash.com/photo-1477420143023-6a0e0b04b69a?ixlib=rb-1.2.1&ixid=eyJhcHBfaWQiOjEyMDd9&auto=format&fit=crop&w=1650&q=80",
      },
      Object {
        "thumbnail_url": "https://images.unsplash.com/photo-1518687338977-a84d3086a934?ixlib=rb-1.2.1&ixid=eyJhcHBfaWQiOjEyMDd9&auto=format&fit=crop&w=300&q=80",
        "url": "https://images.unsplash.com/photo-1518687338977-a84d3086a934?ixlib=rb-1.2.1&ixid=eyJhcHBfaWQiOjEyMDd9&auto=format&fit=crop&w=652&q=80",
      },
      Object {
        "thumbnail_url": "https://images.unsplash.com/photo-1556812191-381c7e7d96d6?ixlib=rb-1.2.1&ixid=eyJhcHBfaWQiOjEyMDd9&auto=format&fit=crop&w=300&q=80",
        "url": "https://images.unsplash.com/photo-1556812191-381c7e7d96d6?ixlib=rb-1.2.1&ixid=eyJhcHBfaWQiOjEyMDd9&auto=format&fit=crop&w=2982&q=80",
      },
      Object {
        "thumbnail_url": "https://images.unsplash.com/photo-1526330563440-3ae2174b6bce?ixlib=rb-1.2.1&ixid=eyJhcHBfaWQiOjEyMDd9&auto=format&fit=crop&w=300&q=80",
        "url": "https://images.unsplash.com/photo-1526330563440-3ae2174b6bce?ixlib=rb-1.2.1&ixid=eyJhcHBfaWQiOjEyMDd9&auto=format&fit=crop&w=1655&q=80",
      },
      Object {
        "thumbnail_url": "https://images.unsplash.com/photo-1516199707327-5399434d0aa4?ixlib=rb-1.2.1&ixid=eyJhcHBfaWQiOjEyMDd9&auto=format&fit=crop&w=300&q=80",
        "url": "https://images.unsplash.com/photo-1516199707327-5399434d0aa4?ixlib=rb-1.2.1&ixid=eyJhcHBfaWQiOjEyMDd9&auto=format&fit=crop&w=1083&q=80",
      },
      Object {
        "thumbnail_url": "https://images.unsplash.com/photo-1541444446610-749d3299b35e?ixlib=rb-1.2.1&ixid=eyJhcHBfaWQiOjEyMDd9&auto=format&fit=crop&w=300&q=80",
        "url": "https://images.unsplash.com/photo-1541444446610-749d3299b35e?ixlib=rb-1.2.1&ixid=eyJhcHBfaWQiOjEyMDd9&auto=format&fit=crop&w=1650&q=80",
      },
    ]
  }
  start={1}
  viewerIndex={3}
>
  <ViewerThumbnails__Thumbs>
    <div
      className="ViewerThumbnails__Thumbs-v6hnj6-0 kgjjgM"
    >
      <ViewerThumbnails__UpArrow
        onClick={[Function]}
      >
        <div
          className="ViewerThumbnails__UpArrow-v6hnj6-5 imDka-d"
          onClick={[Function]}
        >
          <FontAwesome
            id="-1"
            name="angle-up"
            size="2x"
          >
            <span
              aria-hidden={true}
              className="fa fa-angle-up fa-2x"
              id="-1"
            />
          </FontAwesome>
        </div>
      </ViewerThumbnails__UpArrow>
      <ViewerThumbnails__ImageContainer
        key="https://images.unsplash.com/photo-1518687338977-a84d3086a934?ixlib=rb-1.2.1&ixid=eyJhcHBfaWQiOjEyMDd9&auto=format&fit=crop&w=652&q=80"
      >
        <div
          className="ViewerThumbnails__ImageContainer-v6hnj6-1 dkKLIo"
        >
          <ViewerThumbnails__Image
            id={1}
            onClick={[Function]}
            src="https://images.unsplash.com/photo-1518687338977-a84d3086a934?ixlib=rb-1.2.1&ixid=eyJhcHBfaWQiOjEyMDd9&auto=format&fit=crop&w=300&q=80"
          >
            <img
              className="ViewerThumbnails__Image-v6hnj6-4 hXQyqE"
              id={1}
              onClick={[Function]}
              src="https://images.unsplash.com/photo-1518687338977-a84d3086a934?ixlib=rb-1.2.1&ixid=eyJhcHBfaWQiOjEyMDd9&auto=format&fit=crop&w=300&q=80"
            />
          </ViewerThumbnails__Image>
        </div>
      </ViewerThumbnails__ImageContainer>
      <ViewerThumbnails__ImageContainer
        key="https://images.unsplash.com/photo-1556812191-381c7e7d96d6?ixlib=rb-1.2.1&ixid=eyJhcHBfaWQiOjEyMDd9&auto=format&fit=crop&w=2982&q=80"
      >
        <div
          className="ViewerThumbnails__ImageContainer-v6hnj6-1 dkKLIo"
        >
          <ViewerThumbnails__Image
            id={2}
            onClick={[Function]}
            src="https://images.unsplash.com/photo-1556812191-381c7e7d96d6?ixlib=rb-1.2.1&ixid=eyJhcHBfaWQiOjEyMDd9&auto=format&fit=crop&w=300&q=80"
          >
            <img
              className="ViewerThumbnails__Image-v6hnj6-4 hXQyqE"
              id={2}
              onClick={[Function]}
              src="https://images.unsplash.com/photo-1556812191-381c7e7d96d6?ixlib=rb-1.2.1&ixid=eyJhcHBfaWQiOjEyMDd9&auto=format&fit=crop&w=300&q=80"
            />
          </ViewerThumbnails__Image>
        </div>
      </ViewerThumbnails__ImageContainer>
      <div
        key="https://images.unsplash.com/photo-1526330563440-3ae2174b6bce?ixlib=rb-1.2.1&ixid=eyJhcHBfaWQiOjEyMDd9&auto=format&fit=crop&w=1655&q=80"
      >
        <ViewerThumbnails__ViewerImageContainer>
          <div
            className="ViewerThumbnails__ViewerImageContainer-v6hnj6-2 kCVtBt"
          >
            <ViewerThumbnails__Image
              id={3}
              onClick={[Function]}
              src="https://images.unsplash.com/photo-1526330563440-3ae2174b6bce?ixlib=rb-1.2.1&ixid=eyJhcHBfaWQiOjEyMDd9&auto=format&fit=crop&w=300&q=80"
            >
              <img
                className="ViewerThumbnails__Image-v6hnj6-4 hXQyqE"
                id={3}
                onClick={[Function]}
                src="https://images.unsplash.com/photo-1526330563440-3ae2174b6bce?ixlib=rb-1.2.1&ixid=eyJhcHBfaWQiOjEyMDd9&auto=format&fit=crop&w=300&q=80"
              />
            </ViewerThumbnails__Image>
          </div>
        </ViewerThumbnails__ViewerImageContainer>
        <ViewerThumbnails__Highlight>
          <div
            className="ViewerThumbnails__Highlight-v6hnj6-3 kmKkYK"
          />
        </ViewerThumbnails__Highlight>
      </div>
      <ViewerThumbnails__ImageContainer
        key="https://images.unsplash.com/photo-1516199707327-5399434d0aa4?ixlib=rb-1.2.1&ixid=eyJhcHBfaWQiOjEyMDd9&auto=format&fit=crop&w=1083&q=80"
      >
        <div
          className="ViewerThumbnails__ImageContainer-v6hnj6-1 dkKLIo"
        >
          <ViewerThumbnails__Image
            id={4}
            onClick={[Function]}
            src="https://images.unsplash.com/photo-1516199707327-5399434d0aa4?ixlib=rb-1.2.1&ixid=eyJhcHBfaWQiOjEyMDd9&auto=format&fit=crop&w=300&q=80"
          >
            <img
              className="ViewerThumbnails__Image-v6hnj6-4 hXQyqE"
              id={4}
              onClick={[Function]}
              src="https://images.unsplash.com/photo-1516199707327-5399434d0aa4?ixlib=rb-1.2.1&ixid=eyJhcHBfaWQiOjEyMDd9&auto=format&fit=crop&w=300&q=80"
            />
          </ViewerThumbnails__Image>
        </div>
      </ViewerThumbnails__ImageContainer>
      <ViewerThumbnails__ImageContainer
        key="https://images.unsplash.com/photo-1541444446610-749d3299b35e?ixlib=rb-1.2.1&ixid=eyJhcHBfaWQiOjEyMDd9&auto=format&fit=crop&w=1650&q=80"
      >
        <div
          className="ViewerThumbnails__ImageContainer-v6hnj6-1 dkKLIo"
        >
          <ViewerThumbnails__Image
            id={5}
            onClick={[Function]}
            src="https://images.unsplash.com/photo-1541444446610-749d3299b35e?ixlib=rb-1.2.1&ixid=eyJhcHBfaWQiOjEyMDd9&auto=format&fit=crop&w=300&q=80"
          >
            <img
              className="ViewerThumbnails__Image-v6hnj6-4 hXQyqE"
              id={5}
              onClick={[Function]}
              src="https://images.unsplash.com/photo-1541444446610-749d3299b35e?ixlib=rb-1.2.1&ixid=eyJhcHBfaWQiOjEyMDd9&auto=format&fit=crop&w=300&q=80"
            />
          </ViewerThumbnails__Image>
        </div>
      </ViewerThumbnails__ImageContainer>
    </div>
  </ViewerThumbnails__Thumbs>
</ViewerThumbnails>
`;
